// Jest Snapshot v1, https://goo.gl/fbAQLP

exports[`CollectionOverview component should match component snapshot 1`] = `
<div>
  <div
    class="sc-pNWdM gAgbzS"
  >
    <div
      class="sc-gKAaRy ebxjGi"
      data-testid="collection-preview"
    >
      <a
        class="sc-iCoGMd bgiQSS"
        href="#/shop/jackets"
      >
        JACKETS
      </a>
      <div
        class="sc-fujyAs hAIBqS"
      >
        <div
          class="sc-gtsrHT Mxfvc"
          data-testid="collection-item"
        >
          <div
            class="sc-hKFxyN diAvRO"
            role="img"
          />
          <div
            class="sc-eCApnc flhIsE"
          >
            <span
              class="sc-jSFjdj duvpOf"
            >
              Jacket 1
            </span>
            <span>
              $10
            </span>
          </div>
          <button
            class="sc-bdnxRM pMdtA sc-dlnjwi kdkiUs"
          >
            Add to cart
          </button>
        </div>
        <div
          class="sc-gtsrHT Mxfvc"
          data-testid="collection-item"
        >
          <div
            class="sc-hKFxyN hCQygF"
            role="img"
          />
          <div
            class="sc-eCApnc flhIsE"
          >
            <span
              class="sc-jSFjdj duvpOf"
            >
              Jacket 2
            </span>
            <span>
              $20
            </span>
          </div>
          <button
            class="sc-bdnxRM pMdtA sc-dlnjwi kdkiUs"
          >
            Add to cart
          </button>
        </div>
      </div>
    </div>
    <div
      class="sc-gKAaRy ebxjGi"
      data-testid="collection-preview"
    >
      <a
        class="sc-iCoGMd bgiQSS"
        href="#/shop/shoes"
      >
        SHOES
      </a>
      <div
        class="sc-fujyAs hAIBqS"
      >
        <div
          class="sc-gtsrHT Mxfvc"
          data-testid="collection-item"
        >
          <div
            class="sc-hKFxyN hhfBmK"
            role="img"
          />
          <div
            class="sc-eCApnc flhIsE"
          >
            <span
              class="sc-jSFjdj duvpOf"
            >
              Shoes 1
            </span>
            <span>
              $100
            </span>
          </div>
          <button
            class="sc-bdnxRM pMdtA sc-dlnjwi kdkiUs"
          >
            Add to cart
          </button>
        </div>
      </div>
    </div>
  </div>
</div>
`;
